[debug] [2026-06-05T20:59:51.213Z] [Firebase Plugin] Activating Firebase extension.
[info] [Firebase Plugin] Checked firebase-tools, is up to date!
[debug] [2026-06-05T20:59:56.933Z] [Firebase Plugin] requireAuthWrapper
[debug] [2026-06-05T20:59:56.938Z] > command requires scopes: ["email","openid","https://www.googleapis.com/auth/cloudplatformprojects.readonly","https://www.googleapis.com/auth/firebase","https://www.googleapis.com/auth/cloud-platform"]
[debug] [2026-06-05T20:59:56.939Z] > authorizing via signed-in user (guzmanmurillom@gmail.com)
[debug] [2026-06-05T20:59:56.947Z] Checked if tokens are valid: true, expires at: 1780695368578
[debug] [2026-06-05T20:59:56.947Z] Checked if tokens are valid: true, expires at: 1780695368578
[debug] [2026-06-05T20:59:56.948Z] [Firebase Plugin] User found:  guzmanmurillom@gmail.com
[info] [Firebase Plugin] (Core:Project) New user detected, fetching projects
[debug] [2026-06-05T20:59:56.950Z] Checked if tokens are valid: true, expires at: 1780695368578
[debug] [2026-06-05T20:59:56.953Z] >>> [apiv2][query] GET https://firebase.googleapis.com/v1beta1/projects pageSize=1000
[debug] [2026-06-05T20:59:56.976Z] [Firebase Plugin] VSCode notification server listening on port 40001
[info] [Firebase Plugin] Starting SQL Connect toolkit (version 3.4.10) on port 50001
[info] i  dataconnect: downloading dataconnect-emulator-3.4.10.exe... {"metadata":{"emulator":{"name":"dataconnect"},"message":"downloading dataconnect-emulator-3.4.10.exe..."}}
[debug] [2026-06-05T20:59:57.483Z] >>> [apiv2][query] GET https://storage.googleapis.com/firemat-preview-drop/emulator/dataconnect-emulator-windows-amd64-v3.4.10 
[debug] [2026-06-05T20:59:58.039Z] <<< [apiv2][status] GET https://firebase.googleapis.com/v1beta1/projects 200
[debug] [2026-06-05T20:59:58.040Z] <<< [apiv2][body] GET https://firebase.googleapis.com/v1beta1/projects [omitted]
[debug] [2026-06-05T20:59:58.050Z] <<< [apiv2][status] GET https://storage.googleapis.com/firemat-preview-drop/emulator/dataconnect-emulator-windows-amd64-v3.4.10 200
[debug] [2026-06-05T20:59:58.051Z] <<< [apiv2][body] GET https://storage.googleapis.com/firemat-preview-drop/emulator/dataconnect-emulator-windows-amd64-v3.4.10 [stream]
[debug] [2026-06-05T21:00:21.716Z] 'fdc build' failed with error: Unable to build your SQL Connect schema and connectors (exit code 1): E0605 17:00:21.575225   16688 cmd.go:43] Error loading data connect config: could not find dataconnect.yaml in `c:\Users\Display\Documents\1 GZM Asesoria Empresarial\Sitio Web\dataconnect`
 {"metadata":{"emulator":{"name":"dataconnect"},"message":"'fdc build' failed with error: Unable to build your SQL Connect schema and connectors (exit code 1): E0605 17:00:21.575225   16688 cmd.go:43] Error loading data connect config: could not find dataconnect.yaml in `c:\\Users\\Display\\Documents\\1 GZM Asesoria Empresarial\\Sitio Web\\dataconnect`\n"}}
[debug] [2026-06-05T21:00:21.719Z] Ignoring unsupported arg: auto_download {"metadata":{"emulator":{"name":"dataconnect"},"message":"Ignoring unsupported arg: auto_download"}}
[debug] [2026-06-05T21:00:21.720Z] Ignoring unsupported arg: port {"metadata":{"emulator":{"name":"dataconnect"},"message":"Ignoring unsupported arg: port"}}
[debug] [2026-06-05T21:00:21.720Z] Starting SQL Connect Emulator with command {"binary":"C:\\Users\\Display\\.cache\\firebase\\emulators\\dataconnect-emulator-3.4.10.exe","args":["--logtostderr","-v=2","dev","--listen=localhost:50001","--config_dir=c:\\Users\\Display\\Documents\\1 GZM Asesoria Empresarial\\Sitio Web\\dataconnect","--enable_output_schema_extensions=true","--enable_output_generated_sdk=true"],"optionalArgs":["listen","config_dir","enable_output_schema_extensions","enable_output_generated_sdk"],"joinArgs":true,"shell":false,"port":9399} {"metadata":{"emulator":{"name":"dataconnect"},"message":"Starting SQL Connect Emulator with command {\"binary\":\"C:\\\\Users\\\\Display\\\\.cache\\\\firebase\\\\emulators\\\\dataconnect-emulator-3.4.10.exe\",\"args\":[\"--logtostderr\",\"-v=2\",\"dev\",\"--listen=localhost:50001\",\"--config_dir=c:\\\\Users\\\\Display\\\\Documents\\\\1 GZM Asesoria Empresarial\\\\Sitio Web\\\\dataconnect\",\"--enable_output_schema_extensions=true\",\"--enable_output_generated_sdk=true\"],\"optionalArgs\":[\"listen\",\"config_dir\",\"enable_output_schema_extensions\",\"enable_output_generated_sdk\"],\"joinArgs\":true,\"shell\":false,\"port\":9399}"}}
[info] i  dataconnect: SQL Connect Emulator logging to dataconnect-debug.log {"metadata":{"emulator":{"name":"dataconnect"},"message":"SQL Connect Emulator logging to \u001b[1mdataconnect-debug.log\u001b[22m"}}
[debug] [2026-06-05T21:00:21.936Z] E0605 17:00:21.838384   13844 dev.go:83] Failed to load initial config from "c:\\Users\\Display\\Documents\\1 GZM Asesoria Empresarial\\Sitio Web\\dataconnect": could not find dataconnect.yaml in `c:\Users\Display\Documents\1 GZM Asesoria Empresarial\Sitio Web\dataconnect`
 {"metadata":{"emulator":{"name":"dataconnect"},"message":"E0605 17:00:21.838384   13844 dev.go:83] Failed to load initial config from \"c:\\\\Users\\\\Display\\\\Documents\\\\1 GZM Asesoria Empresarial\\\\Sitio Web\\\\dataconnect\": could not find dataconnect.yaml in `c:\\Users\\Display\\Documents\\1 GZM Asesoria Empresarial\\Sitio Web\\dataconnect`\n"}}
[debug] [2026-06-05T21:00:21.941Z] E0605 17:00:21.937498   13844 watch.go:116] watchAllDir unable to walk dir `c:\Users\Display\Documents\1 GZM Asesoria Empresarial\Sitio Web\dataconnect`: GetFileAttributesEx c:\Users\Display\Documents\1 GZM Asesoria Empresarial\Sitio Web\dataconnect: El sistema no puede encontrar el archivo especificado.
 {"metadata":{"emulator":{"name":"dataconnect"},"message":"E0605 17:00:21.937498   13844 watch.go:116] watchAllDir unable to walk dir `c:\\Users\\Display\\Documents\\1 GZM Asesoria Empresarial\\Sitio Web\\dataconnect`: GetFileAttributesEx c:\\Users\\Display\\Documents\\1 GZM Asesoria Empresarial\\Sitio Web\\dataconnect: El sistema no puede encontrar el archivo especificado.\n"}}
[debug] [2026-06-05T21:00:21.961Z] I0605 17:00:21.962436   13844 dev.go:104] Listening on address (HTTP + gRPC): 127.0.0.1:50001
 {"metadata":{"emulator":{"name":"dataconnect"},"message":"I0605 17:00:21.962436   13844 dev.go:104] Listening on address (HTTP + gRPC): 127.0.0.1:50001\n"}}
[error] [Firebase Plugin] error:  {}
[debug] [2026-06-05T21:00:31.944Z] E0605 17:00:31.945207   13844 watch.go:40] Failed to load config from "c:\\Users\\Display\\Documents\\1 GZM Asesoria Empresarial\\Sitio Web\\dataconnect": could not find dataconnect.yaml in `c:\Users\Display\Documents\1 GZM Asesoria Empresarial\Sitio Web\dataconnect`
 {"metadata":{"emulator":{"name":"dataconnect"},"message":"E0605 17:00:31.945207   13844 watch.go:40] Failed to load config from \"c:\\\\Users\\\\Display\\\\Documents\\\\1 GZM Asesoria Empresarial\\\\Sitio Web\\\\dataconnect\": could not find dataconnect.yaml in `c:\\Users\\Display\\Documents\\1 GZM Asesoria Empresarial\\Sitio Web\\dataconnect`\n"}}
[debug] [2026-06-05T21:00:41.942Z] E0605 17:00:41.942785   13844 watch.go:40] Failed to load config from "c:\\Users\\Display\\Documents\\1 GZM Asesoria Empresarial\\Sitio Web\\dataconnect": could not find dataconnect.yaml in `c:\Users\Display\Documents\1 GZM Asesoria Empresarial\Sitio Web\dataconnect`
 {"metadata":{"emulator":{"name":"dataconnect"},"message":"E0605 17:00:41.942785   13844 watch.go:40] Failed to load config from \"c:\\\\Users\\\\Display\\\\Documents\\\\1 GZM Asesoria Empresarial\\\\Sitio Web\\\\dataconnect\": could not find dataconnect.yaml in `c:\\Users\\Display\\Documents\\1 GZM Asesoria Empresarial\\Sitio Web\\dataconnect`\n"}}
[debug] [2026-06-05T21:00:51.950Z] E0605 17:00:51.949369   13844 watch.go:40] Failed to load config from "c:\\Users\\Display\\Documents\\1 GZM Asesoria Empresarial\\Sitio Web\\dataconnect": could not find dataconnect.yaml in `c:\Users\Display\Documents\1 GZM Asesoria Empresarial\Sitio Web\dataconnect`
 {"metadata":{"emulator":{"name":"dataconnect"},"message":"E0605 17:00:51.949369   13844 watch.go:40] Failed to load config from \"c:\\\\Users\\\\Display\\\\Documents\\\\1 GZM Asesoria Empresarial\\\\Sitio Web\\\\dataconnect\": could not find dataconnect.yaml in `c:\\Users\\Display\\Documents\\1 GZM Asesoria Empresarial\\Sitio Web\\dataconnect`\n"}}
[debug] [2026-06-05T21:01:01.942Z] E0605 17:01:01.942391   13844 watch.go:40] Failed to load config from "c:\\Users\\Display\\Documents\\1 GZM Asesoria Empresarial\\Sitio Web\\dataconnect": could not find dataconnect.yaml in `c:\Users\Display\Documents\1 GZM Asesoria Empresarial\Sitio Web\dataconnect`
 {"metadata":{"emulator":{"name":"dataconnect"},"message":"E0605 17:01:01.942391   13844 watch.go:40] Failed to load config from \"c:\\\\Users\\\\Display\\\\Documents\\\\1 GZM Asesoria Empresarial\\\\Sitio Web\\\\dataconnect\": could not find dataconnect.yaml in `c:\\Users\\Display\\Documents\\1 GZM Asesoria Empresarial\\Sitio Web\\dataconnect`\n"}}
[debug] [2026-06-05T21:01:11.942Z] E0605 17:01:11.943324   13844 watch.go:40] Failed to load config from "c:\\Users\\Display\\Documents\\1 GZM Asesoria Empresarial\\Sitio Web\\dataconnect": could not find dataconnect.yaml in `c:\Users\Display\Documents\1 GZM Asesoria Empresarial\Sitio Web\dataconnect`
 {"metadata":{"emulator":{"name":"dataconnect"},"message":"E0605 17:01:11.943324   13844 watch.go:40] Failed to load config from \"c:\\\\Users\\\\Display\\\\Documents\\\\1 GZM Asesoria Empresarial\\\\Sitio Web\\\\dataconnect\": could not find dataconnect.yaml in `c:\\Users\\Display\\Documents\\1 GZM Asesoria Empresarial\\Sitio Web\\dataconnect`\n"}}
[debug] [2026-06-05T21:01:21.943Z] E0605 17:01:21.942854   13844 watch.go:116] watchAllDir unable to walk dir `c:\Users\Display\Documents\1 GZM Asesoria Empresarial\Sitio Web\dataconnect`: GetFileAttributesEx c:\Users\Display\Documents\1 GZM Asesoria Empresarial\Sitio Web\dataconnect: El sistema no puede encontrar el archivo especificado.
 {"metadata":{"emulator":{"name":"dataconnect"},"message":"E0605 17:01:21.942854   13844 watch.go:116] watchAllDir unable to walk dir `c:\\Users\\Display\\Documents\\1 GZM Asesoria Empresarial\\Sitio Web\\dataconnect`: GetFileAttributesEx c:\\Users\\Display\\Documents\\1 GZM Asesoria Empresarial\\Sitio Web\\dataconnect: El sistema no puede encontrar el archivo especificado.\n"}}
[debug] [2026-06-05T21:01:21.945Z] E0605 17:01:21.945527   13844 watch.go:40] Failed to load config from "c:\\Users\\Display\\Documents\\1 GZM Asesoria Empresarial\\Sitio Web\\dataconnect": could not find dataconnect.yaml in `c:\Users\Display\Documents\1 GZM Asesoria Empresarial\Sitio Web\dataconnect`
 {"metadata":{"emulator":{"name":"dataconnect"},"message":"E0605 17:01:21.945527   13844 watch.go:40] Failed to load config from \"c:\\\\Users\\\\Display\\\\Documents\\\\1 GZM Asesoria Empresarial\\\\Sitio Web\\\\dataconnect\": could not find dataconnect.yaml in `c:\\Users\\Display\\Documents\\1 GZM Asesoria Empresarial\\Sitio Web\\dataconnect`\n"}}
[debug] [2026-06-05T21:01:31.946Z] E0605 17:01:31.945827   13844 watch.go:40] Failed to load config from "c:\\Users\\Display\\Documents\\1 GZM Asesoria Empresarial\\Sitio Web\\dataconnect": could not find dataconnect.yaml in `c:\Users\Display\Documents\1 GZM Asesoria Empresarial\Sitio Web\dataconnect`
 {"metadata":{"emulator":{"name":"dataconnect"},"message":"E0605 17:01:31.945827   13844 watch.go:40] Failed to load config from \"c:\\\\Users\\\\Display\\\\Documents\\\\1 GZM Asesoria Empresarial\\\\Sitio Web\\\\dataconnect\": could not find dataconnect.yaml in `c:\\Users\\Display\\Documents\\1 GZM Asesoria Empresarial\\Sitio Web\\dataconnect`\n"}}
[debug] [2026-06-05T21:01:41.943Z] E0605 17:01:41.943255   13844 watch.go:40] Failed to load config from "c:\\Users\\Display\\Documents\\1 GZM Asesoria Empresarial\\Sitio Web\\dataconnect": could not find dataconnect.yaml in `c:\Users\Display\Documents\1 GZM Asesoria Empresarial\Sitio Web\dataconnect`
 {"metadata":{"emulator":{"name":"dataconnect"},"message":"E0605 17:01:41.943255   13844 watch.go:40] Failed to load config from \"c:\\\\Users\\\\Display\\\\Documents\\\\1 GZM Asesoria Empresarial\\\\Sitio Web\\\\dataconnect\": could not find dataconnect.yaml in `c:\\Users\\Display\\Documents\\1 GZM Asesoria Empresarial\\Sitio Web\\dataconnect`\n"}}
[debug] [2026-06-05T21:01:51.946Z] E0605 17:01:51.946426   13844 watch.go:40] Failed to load config from "c:\\Users\\Display\\Documents\\1 GZM Asesoria Empresarial\\Sitio Web\\dataconnect": could not find dataconnect.yaml in `c:\Users\Display\Documents\1 GZM Asesoria Empresarial\Sitio Web\dataconnect`
 {"metadata":{"emulator":{"name":"dataconnect"},"message":"E0605 17:01:51.946426   13844 watch.go:40] Failed to load config from \"c:\\\\Users\\\\Display\\\\Documents\\\\1 GZM Asesoria Empresarial\\\\Sitio Web\\\\dataconnect\": could not find dataconnect.yaml in `c:\\Users\\Display\\Documents\\1 GZM Asesoria Empresarial\\Sitio Web\\dataconnect`\n"}}
[debug] [2026-06-05T21:02:01.942Z] E0605 17:02:01.942681   13844 watch.go:40] Failed to load config from "c:\\Users\\Display\\Documents\\1 GZM Asesoria Empresarial\\Sitio Web\\dataconnect": could not find dataconnect.yaml in `c:\Users\Display\Documents\1 GZM Asesoria Empresarial\Sitio Web\dataconnect`
 {"metadata":{"emulator":{"name":"dataconnect"},"message":"E0605 17:02:01.942681   13844 watch.go:40] Failed to load config from \"c:\\\\Users\\\\Display\\\\Documents\\\\1 GZM Asesoria Empresarial\\\\Sitio Web\\\\dataconnect\": could not find dataconnect.yaml in `c:\\Users\\Display\\Documents\\1 GZM Asesoria Empresarial\\Sitio Web\\dataconnect`\n"}}
[debug] [2026-06-05T21:02:11.946Z] E0605 17:02:11.944458   13844 watch.go:40] Failed to load config from "c:\\Users\\Display\\Documents\\1 GZM Asesoria Empresarial\\Sitio Web\\dataconnect": could not find dataconnect.yaml in `c:\Users\Display\Documents\1 GZM Asesoria Empresarial\Sitio Web\dataconnect`
 {"metadata":{"emulator":{"name":"dataconnect"},"message":"E0605 17:02:11.944458   13844 watch.go:40] Failed to load config from \"c:\\\\Users\\\\Display\\\\Documents\\\\1 GZM Asesoria Empresarial\\\\Sitio Web\\\\dataconnect\": could not find dataconnect.yaml in `c:\\Users\\Display\\Documents\\1 GZM Asesoria Empresarial\\Sitio Web\\dataconnect`\n"}}
[debug] [2026-06-05T21:02:21.943Z] E0605 17:02:21.942754   13844 watch.go:116] watchAllDir unable to walk dir `c:\Users\Display\Documents\1 GZM Asesoria Empresarial\Sitio Web\dataconnect`: GetFileAttributesEx c:\Users\Display\Documents\1 GZM Asesoria Empresarial\Sitio Web\dataconnect: El sistema no puede encontrar el archivo especificado.
 {"metadata":{"emulator":{"name":"dataconnect"},"message":"E0605 17:02:21.942754   13844 watch.go:116] watchAllDir unable to walk dir `c:\\Users\\Display\\Documents\\1 GZM Asesoria Empresarial\\Sitio Web\\dataconnect`: GetFileAttributesEx c:\\Users\\Display\\Documents\\1 GZM Asesoria Empresarial\\Sitio Web\\dataconnect: El sistema no puede encontrar el archivo especificado.\n"}}
[debug] [2026-06-05T21:02:21.948Z] E0605 17:02:21.944513   13844 watch.go:40] Failed to load config from "c:\\Users\\Display\\Documents\\1 GZM Asesoria Empresarial\\Sitio Web\\dataconnect": could not find dataconnect.yaml in `c:\Users\Display\Documents\1 GZM Asesoria Empresarial\Sitio Web\dataconnect`
 {"metadata":{"emulator":{"name":"dataconnect"},"message":"E0605 17:02:21.944513   13844 watch.go:40] Failed to load config from \"c:\\\\Users\\\\Display\\\\Documents\\\\1 GZM Asesoria Empresarial\\\\Sitio Web\\\\dataconnect\": could not find dataconnect.yaml in `c:\\Users\\Display\\Documents\\1 GZM Asesoria Empresarial\\Sitio Web\\dataconnect`\n"}}
[debug] [2026-06-05T21:02:31.951Z] E0605 17:02:31.950211   13844 watch.go:40] Failed to load config from "c:\\Users\\Display\\Documents\\1 GZM Asesoria Empresarial\\Sitio Web\\dataconnect": could not find dataconnect.yaml in `c:\Users\Display\Documents\1 GZM Asesoria Empresarial\Sitio Web\dataconnect`
 {"metadata":{"emulator":{"name":"dataconnect"},"message":"E0605 17:02:31.950211   13844 watch.go:40] Failed to load config from \"c:\\\\Users\\\\Display\\\\Documents\\\\1 GZM Asesoria Empresarial\\\\Sitio Web\\\\dataconnect\": could not find dataconnect.yaml in `c:\\Users\\Display\\Documents\\1 GZM Asesoria Empresarial\\Sitio Web\\dataconnect`\n"}}
[debug] [2026-06-05T21:02:41.943Z] E0605 17:02:41.943327   13844 watch.go:40] Failed to load config from "c:\\Users\\Display\\Documents\\1 GZM Asesoria Empresarial\\Sitio Web\\dataconnect": could not find dataconnect.yaml in `c:\Users\Display\Documents\1 GZM Asesoria Empresarial\Sitio Web\dataconnect`
 {"metadata":{"emulator":{"name":"dataconnect"},"message":"E0605 17:02:41.943327   13844 watch.go:40] Failed to load config from \"c:\\\\Users\\\\Display\\\\Documents\\\\1 GZM Asesoria Empresarial\\\\Sitio Web\\\\dataconnect\": could not find dataconnect.yaml in `c:\\Users\\Display\\Documents\\1 GZM Asesoria Empresarial\\Sitio Web\\dataconnect`\n"}}
[debug] [2026-06-05T21:02:51.943Z] E0605 17:02:51.943558   13844 watch.go:40] Failed to load config from "c:\\Users\\Display\\Documents\\1 GZM Asesoria Empresarial\\Sitio Web\\dataconnect": could not find dataconnect.yaml in `c:\Users\Display\Documents\1 GZM Asesoria Empresarial\Sitio Web\dataconnect`
 {"metadata":{"emulator":{"name":"dataconnect"},"message":"E0605 17:02:51.943558   13844 watch.go:40] Failed to load config from \"c:\\\\Users\\\\Display\\\\Documents\\\\1 GZM Asesoria Empresarial\\\\Sitio Web\\\\dataconnect\": could not find dataconnect.yaml in `c:\\Users\\Display\\Documents\\1 GZM Asesoria Empresarial\\Sitio Web\\dataconnect`\n"}}
[debug] [2026-06-05T21:03:01.943Z] E0605 17:03:01.943073   13844 watch.go:40] Failed to load config from "c:\\Users\\Display\\Documents\\1 GZM Asesoria Empresarial\\Sitio Web\\dataconnect": could not find dataconnect.yaml in `c:\Users\Display\Documents\1 GZM Asesoria Empresarial\Sitio Web\dataconnect`
 {"metadata":{"emulator":{"name":"dataconnect"},"message":"E0605 17:03:01.943073   13844 watch.go:40] Failed to load config from \"c:\\\\Users\\\\Display\\\\Documents\\\\1 GZM Asesoria Empresarial\\\\Sitio Web\\\\dataconnect\": could not find dataconnect.yaml in `c:\\Users\\Display\\Documents\\1 GZM Asesoria Empresarial\\Sitio Web\\dataconnect`\n"}}
[debug] [2026-06-05T21:03:11.946Z] E0605 17:03:11.945529   13844 watch.go:40] Failed to load config from "c:\\Users\\Display\\Documents\\1 GZM Asesoria Empresarial\\Sitio Web\\dataconnect": could not find dataconnect.yaml in `c:\Users\Display\Documents\1 GZM Asesoria Empresarial\Sitio Web\dataconnect`
 {"metadata":{"emulator":{"name":"dataconnect"},"message":"E0605 17:03:11.945529   13844 watch.go:40] Failed to load config from \"c:\\\\Users\\\\Display\\\\Documents\\\\1 GZM Asesoria Empresarial\\\\Sitio Web\\\\dataconnect\": could not find dataconnect.yaml in `c:\\Users\\Display\\Documents\\1 GZM Asesoria Empresarial\\Sitio Web\\dataconnect`\n"}}
[debug] [2026-06-05T21:03:21.943Z] E0605 17:03:21.942778   13844 watch.go:116] watchAllDir unable to walk dir `c:\Users\Display\Documents\1 GZM Asesoria Empresarial\Sitio Web\dataconnect`: GetFileAttributesEx c:\Users\Display\Documents\1 GZM Asesoria Empresarial\Sitio Web\dataconnect: El sistema no puede encontrar el archivo especificado.
 {"metadata":{"emulator":{"name":"dataconnect"},"message":"E0605 17:03:21.942778   13844 watch.go:116] watchAllDir unable to walk dir `c:\\Users\\Display\\Documents\\1 GZM Asesoria Empresarial\\Sitio Web\\dataconnect`: GetFileAttributesEx c:\\Users\\Display\\Documents\\1 GZM Asesoria Empresarial\\Sitio Web\\dataconnect: El sistema no puede encontrar el archivo especificado.\n"}}
[debug] [2026-06-05T21:03:21.947Z] E0605 17:03:21.946044   13844 watch.go:40] Failed to load config from "c:\\Users\\Display\\Documents\\1 GZM Asesoria Empresarial\\Sitio Web\\dataconnect": could not find dataconnect.yaml in `c:\Users\Display\Documents\1 GZM Asesoria Empresarial\Sitio Web\dataconnect`
 {"metadata":{"emulator":{"name":"dataconnect"},"message":"E0605 17:03:21.946044   13844 watch.go:40] Failed to load config from \"c:\\\\Users\\\\Display\\\\Documents\\\\1 GZM Asesoria Empresarial\\\\Sitio Web\\\\dataconnect\": could not find dataconnect.yaml in `c:\\Users\\Display\\Documents\\1 GZM Asesoria Empresarial\\Sitio Web\\dataconnect`\n"}}
[debug] [2026-06-05T21:03:31.945Z] E0605 17:03:31.944845   13844 watch.go:40] Failed to load config from "c:\\Users\\Display\\Documents\\1 GZM Asesoria Empresarial\\Sitio Web\\dataconnect": could not find dataconnect.yaml in `c:\Users\Display\Documents\1 GZM Asesoria Empresarial\Sitio Web\dataconnect`
 {"metadata":{"emulator":{"name":"dataconnect"},"message":"E0605 17:03:31.944845   13844 watch.go:40] Failed to load config from \"c:\\\\Users\\\\Display\\\\Documents\\\\1 GZM Asesoria Empresarial\\\\Sitio Web\\\\dataconnect\": could not find dataconnect.yaml in `c:\\Users\\Display\\Documents\\1 GZM Asesoria Empresarial\\Sitio Web\\dataconnect`\n"}}
[debug] [2026-06-05T21:03:41.943Z] E0605 17:03:41.942994   13844 watch.go:40] Failed to load config from "c:\\Users\\Display\\Documents\\1 GZM Asesoria Empresarial\\Sitio Web\\dataconnect": could not find dataconnect.yaml in `c:\Users\Display\Documents\1 GZM Asesoria Empresarial\Sitio Web\dataconnect`
 {"metadata":{"emulator":{"name":"dataconnect"},"message":"E0605 17:03:41.942994   13844 watch.go:40] Failed to load config from \"c:\\\\Users\\\\Display\\\\Documents\\\\1 GZM Asesoria Empresarial\\\\Sitio Web\\\\dataconnect\": could not find dataconnect.yaml in `c:\\Users\\Display\\Documents\\1 GZM Asesoria Empresarial\\Sitio Web\\dataconnect`\n"}}
[debug] [2026-06-05T21:03:51.945Z] E0605 17:03:51.945281   13844 watch.go:40] Failed to load config from "c:\\Users\\Display\\Documents\\1 GZM Asesoria Empresarial\\Sitio Web\\dataconnect": could not find dataconnect.yaml in `c:\Users\Display\Documents\1 GZM Asesoria Empresarial\Sitio Web\dataconnect`
 {"metadata":{"emulator":{"name":"dataconnect"},"message":"E0605 17:03:51.945281   13844 watch.go:40] Failed to load config from \"c:\\\\Users\\\\Display\\\\Documents\\\\1 GZM Asesoria Empresarial\\\\Sitio Web\\\\dataconnect\": could not find dataconnect.yaml in `c:\\Users\\Display\\Documents\\1 GZM Asesoria Empresarial\\Sitio Web\\dataconnect`\n"}}
[debug] [2026-06-05T21:04:01.944Z] E0605 17:04:01.944266   13844 watch.go:40] Failed to load config from "c:\\Users\\Display\\Documents\\1 GZM Asesoria Empresarial\\Sitio Web\\dataconnect": could not find dataconnect.yaml in `c:\Users\Display\Documents\1 GZM Asesoria Empresarial\Sitio Web\dataconnect`
 {"metadata":{"emulator":{"name":"dataconnect"},"message":"E0605 17:04:01.944266   13844 watch.go:40] Failed to load config from \"c:\\\\Users\\\\Display\\\\Documents\\\\1 GZM Asesoria Empresarial\\\\Sitio Web\\\\dataconnect\": could not find dataconnect.yaml in `c:\\Users\\Display\\Documents\\1 GZM Asesoria Empresarial\\Sitio Web\\dataconnect`\n"}}
[debug] [2026-06-05T21:04:11.942Z] E0605 17:04:11.942795   13844 watch.go:40] Failed to load config from "c:\\Users\\Display\\Documents\\1 GZM Asesoria Empresarial\\Sitio Web\\dataconnect": could not find dataconnect.yaml in `c:\Users\Display\Documents\1 GZM Asesoria Empresarial\Sitio Web\dataconnect`
 {"metadata":{"emulator":{"name":"dataconnect"},"message":"E0605 17:04:11.942795   13844 watch.go:40] Failed to load config from \"c:\\\\Users\\\\Display\\\\Documents\\\\1 GZM Asesoria Empresarial\\\\Sitio Web\\\\dataconnect\": could not find dataconnect.yaml in `c:\\Users\\Display\\Documents\\1 GZM Asesoria Empresarial\\Sitio Web\\dataconnect`\n"}}
[debug] [2026-06-05T21:04:21.943Z] E0605 17:04:21.943170   13844 watch.go:116] watchAllDir unable to walk dir `c:\Users\Display\Documents\1 GZM Asesoria Empresarial\Sitio Web\dataconnect`: GetFileAttributesEx c:\Users\Display\Documents\1 GZM Asesoria Empresarial\Sitio Web\dataconnect: El sistema no puede encontrar el archivo especificado.
 {"metadata":{"emulator":{"name":"dataconnect"},"message":"E0605 17:04:21.943170   13844 watch.go:116] watchAllDir unable to walk dir `c:\\Users\\Display\\Documents\\1 GZM Asesoria Empresarial\\Sitio Web\\dataconnect`: GetFileAttributesEx c:\\Users\\Display\\Documents\\1 GZM Asesoria Empresarial\\Sitio Web\\dataconnect: El sistema no puede encontrar el archivo especificado.\n"}}
[debug] [2026-06-05T21:04:21.952Z] E0605 17:04:21.951743   13844 watch.go:40] Failed to load config from "c:\\Users\\Display\\Documents\\1 GZM Asesoria Empresarial\\Sitio Web\\dataconnect": could not find dataconnect.yaml in `c:\Users\Display\Documents\1 GZM Asesoria Empresarial\Sitio Web\dataconnect`
 {"metadata":{"emulator":{"name":"dataconnect"},"message":"E0605 17:04:21.951743   13844 watch.go:40] Failed to load config from \"c:\\\\Users\\\\Display\\\\Documents\\\\1 GZM Asesoria Empresarial\\\\Sitio Web\\\\dataconnect\": could not find dataconnect.yaml in `c:\\Users\\Display\\Documents\\1 GZM Asesoria Empresarial\\Sitio Web\\dataconnect`\n"}}
[debug] [2026-06-05T21:04:31.943Z] E0605 17:04:31.942979   13844 watch.go:40] Failed to load config from "c:\\Users\\Display\\Documents\\1 GZM Asesoria Empresarial\\Sitio Web\\dataconnect": could not find dataconnect.yaml in `c:\Users\Display\Documents\1 GZM Asesoria Empresarial\Sitio Web\dataconnect`
 {"metadata":{"emulator":{"name":"dataconnect"},"message":"E0605 17:04:31.942979   13844 watch.go:40] Failed to load config from \"c:\\\\Users\\\\Display\\\\Documents\\\\1 GZM Asesoria Empresarial\\\\Sitio Web\\\\dataconnect\": could not find dataconnect.yaml in `c:\\Users\\Display\\Documents\\1 GZM Asesoria Empresarial\\Sitio Web\\dataconnect`\n"}}
[debug] [2026-06-05T21:04:41.946Z] E0605 17:04:41.945619   13844 watch.go:40] Failed to load config from "c:\\Users\\Display\\Documents\\1 GZM Asesoria Empresarial\\Sitio Web\\dataconnect": could not find dataconnect.yaml in `c:\Users\Display\Documents\1 GZM Asesoria Empresarial\Sitio Web\dataconnect`
 {"metadata":{"emulator":{"name":"dataconnect"},"message":"E0605 17:04:41.945619   13844 watch.go:40] Failed to load config from \"c:\\\\Users\\\\Display\\\\Documents\\\\1 GZM Asesoria Empresarial\\\\Sitio Web\\\\dataconnect\": could not find dataconnect.yaml in `c:\\Users\\Display\\Documents\\1 GZM Asesoria Empresarial\\Sitio Web\\dataconnect`\n"}}
[debug] [2026-06-05T21:04:51.946Z] E0605 17:04:51.944982   13844 watch.go:40] Failed to load config from "c:\\Users\\Display\\Documents\\1 GZM Asesoria Empresarial\\Sitio Web\\dataconnect": could not find dataconnect.yaml in `c:\Users\Display\Documents\1 GZM Asesoria Empresarial\Sitio Web\dataconnect`
 {"metadata":{"emulator":{"name":"dataconnect"},"message":"E0605 17:04:51.944982   13844 watch.go:40] Failed to load config from \"c:\\\\Users\\\\Display\\\\Documents\\\\1 GZM Asesoria Empresarial\\\\Sitio Web\\\\dataconnect\": could not find dataconnect.yaml in `c:\\Users\\Display\\Documents\\1 GZM Asesoria Empresarial\\Sitio Web\\dataconnect`\n"}}
[debug] [2026-06-05T21:05:01.943Z] E0605 17:05:01.943463   13844 watch.go:40] Failed to load config from "c:\\Users\\Display\\Documents\\1 GZM Asesoria Empresarial\\Sitio Web\\dataconnect": could not find dataconnect.yaml in `c:\Users\Display\Documents\1 GZM Asesoria Empresarial\Sitio Web\dataconnect`
 {"metadata":{"emulator":{"name":"dataconnect"},"message":"E0605 17:05:01.943463   13844 watch.go:40] Failed to load config from \"c:\\\\Users\\\\Display\\\\Documents\\\\1 GZM Asesoria Empresarial\\\\Sitio Web\\\\dataconnect\": could not find dataconnect.yaml in `c:\\Users\\Display\\Documents\\1 GZM Asesoria Empresarial\\Sitio Web\\dataconnect`\n"}}
[debug] [2026-06-05T21:05:11.951Z] E0605 17:05:11.950935   13844 watch.go:40] Failed to load config from "c:\\Users\\Display\\Documents\\1 GZM Asesoria Empresarial\\Sitio Web\\dataconnect": could not find dataconnect.yaml in `c:\Users\Display\Documents\1 GZM Asesoria Empresarial\Sitio Web\dataconnect`
 {"metadata":{"emulator":{"name":"dataconnect"},"message":"E0605 17:05:11.950935   13844 watch.go:40] Failed to load config from \"c:\\\\Users\\\\Display\\\\Documents\\\\1 GZM Asesoria Empresarial\\\\Sitio Web\\\\dataconnect\": could not find dataconnect.yaml in `c:\\Users\\Display\\Documents\\1 GZM Asesoria Empresarial\\Sitio Web\\dataconnect`\n"}}
[debug] [2026-06-05T21:05:21.943Z] E0605 17:05:21.942957   13844 watch.go:116] watchAllDir unable to walk dir `c:\Users\Display\Documents\1 GZM Asesoria Empresarial\Sitio Web\dataconnect`: GetFileAttributesEx c:\Users\Display\Documents\1 GZM Asesoria Empresarial\Sitio Web\dataconnect: El sistema no puede encontrar el archivo especificado.
 {"metadata":{"emulator":{"name":"dataconnect"},"message":"E0605 17:05:21.942957   13844 watch.go:116] watchAllDir unable to walk dir `c:\\Users\\Display\\Documents\\1 GZM Asesoria Empresarial\\Sitio Web\\dataconnect`: GetFileAttributesEx c:\\Users\\Display\\Documents\\1 GZM Asesoria Empresarial\\Sitio Web\\dataconnect: El sistema no puede encontrar el archivo especificado.\n"}}
[debug] [2026-06-05T21:05:21.946Z] E0605 17:05:21.944692   13844 watch.go:40] Failed to load config from "c:\\Users\\Display\\Documents\\1 GZM Asesoria Empresarial\\Sitio Web\\dataconnect": could not find dataconnect.yaml in `c:\Users\Display\Documents\1 GZM Asesoria Empresarial\Sitio Web\dataconnect`
 {"metadata":{"emulator":{"name":"dataconnect"},"message":"E0605 17:05:21.944692   13844 watch.go:40] Failed to load config from \"c:\\\\Users\\\\Display\\\\Documents\\\\1 GZM Asesoria Empresarial\\\\Sitio Web\\\\dataconnect\": could not find dataconnect.yaml in `c:\\Users\\Display\\Documents\\1 GZM Asesoria Empresarial\\Sitio Web\\dataconnect`\n"}}
[debug] [2026-06-05T21:05:31.945Z] E0605 17:05:31.945094   13844 watch.go:40] Failed to load config from "c:\\Users\\Display\\Documents\\1 GZM Asesoria Empresarial\\Sitio Web\\dataconnect": could not find dataconnect.yaml in `c:\Users\Display\Documents\1 GZM Asesoria Empresarial\Sitio Web\dataconnect`
 {"metadata":{"emulator":{"name":"dataconnect"},"message":"E0605 17:05:31.945094   13844 watch.go:40] Failed to load config from \"c:\\\\Users\\\\Display\\\\Documents\\\\1 GZM Asesoria Empresarial\\\\Sitio Web\\\\dataconnect\": could not find dataconnect.yaml in `c:\\Users\\Display\\Documents\\1 GZM Asesoria Empresarial\\Sitio Web\\dataconnect`\n"}}
[debug] [2026-06-05T21:05:41.943Z] E0605 17:05:41.943777   13844 watch.go:40] Failed to load config from "c:\\Users\\Display\\Documents\\1 GZM Asesoria Empresarial\\Sitio Web\\dataconnect": could not find dataconnect.yaml in `c:\Users\Display\Documents\1 GZM Asesoria Empresarial\Sitio Web\dataconnect`
 {"metadata":{"emulator":{"name":"dataconnect"},"message":"E0605 17:05:41.943777   13844 watch.go:40] Failed to load config from \"c:\\\\Users\\\\Display\\\\Documents\\\\1 GZM Asesoria Empresarial\\\\Sitio Web\\\\dataconnect\": could not find dataconnect.yaml in `c:\\Users\\Display\\Documents\\1 GZM Asesoria Empresarial\\Sitio Web\\dataconnect`\n"}}
[debug] [2026-06-05T21:05:51.947Z] E0605 17:05:51.947041   13844 watch.go:40] Failed to load config from "c:\\Users\\Display\\Documents\\1 GZM Asesoria Empresarial\\Sitio Web\\dataconnect": could not find dataconnect.yaml in `c:\Users\Display\Documents\1 GZM Asesoria Empresarial\Sitio Web\dataconnect`
 {"metadata":{"emulator":{"name":"dataconnect"},"message":"E0605 17:05:51.947041   13844 watch.go:40] Failed to load config from \"c:\\\\Users\\\\Display\\\\Documents\\\\1 GZM Asesoria Empresarial\\\\Sitio Web\\\\dataconnect\": could not find dataconnect.yaml in `c:\\Users\\Display\\Documents\\1 GZM Asesoria Empresarial\\Sitio Web\\dataconnect`\n"}}
[debug] [2026-06-05T21:06:01.943Z] E0605 17:06:01.942944   13844 watch.go:40] Failed to load config from "c:\\Users\\Display\\Documents\\1 GZM Asesoria Empresarial\\Sitio Web\\dataconnect": could not find dataconnect.yaml in `c:\Users\Display\Documents\1 GZM Asesoria Empresarial\Sitio Web\dataconnect`
 {"metadata":{"emulator":{"name":"dataconnect"},"message":"E0605 17:06:01.942944   13844 watch.go:40] Failed to load config from \"c:\\\\Users\\\\Display\\\\Documents\\\\1 GZM Asesoria Empresarial\\\\Sitio Web\\\\dataconnect\": could not find dataconnect.yaml in `c:\\Users\\Display\\Documents\\1 GZM Asesoria Empresarial\\Sitio Web\\dataconnect`\n"}}
[debug] [2026-06-05T21:06:11.943Z] E0605 17:06:11.943246   13844 watch.go:40] Failed to load config from "c:\\Users\\Display\\Documents\\1 GZM Asesoria Empresarial\\Sitio Web\\dataconnect": could not find dataconnect.yaml in `c:\Users\Display\Documents\1 GZM Asesoria Empresarial\Sitio Web\dataconnect`
 {"metadata":{"emulator":{"name":"dataconnect"},"message":"E0605 17:06:11.943246   13844 watch.go:40] Failed to load config from \"c:\\\\Users\\\\Display\\\\Documents\\\\1 GZM Asesoria Empresarial\\\\Sitio Web\\\\dataconnect\": could not find dataconnect.yaml in `c:\\Users\\Display\\Documents\\1 GZM Asesoria Empresarial\\Sitio Web\\dataconnect`\n"}}
[info] [Firebase Plugin] Stopping SQL Connect toolkit
[warn] !  SQL Connect Emulator has exited upon receiving signal: SIGINT 
[debug] [2026-06-05T21:06:48.043Z] [Firebase Plugin] Activating Firebase extension.
[info] [Firebase Plugin] Checked firebase-tools, is up to date!
[debug] [2026-06-05T21:07:11.855Z] [Firebase Plugin] requireAuthWrapper
[debug] [2026-06-05T21:07:11.861Z] > command requires scopes: ["email","openid","https://www.googleapis.com/auth/cloudplatformprojects.readonly","https://www.googleapis.com/auth/firebase","https://www.googleapis.com/auth/cloud-platform"]
[debug] [2026-06-05T21:07:11.862Z] > authorizing via signed-in user (guzmanmurillom@gmail.com)
[debug] [2026-06-05T21:07:11.868Z] Checked if tokens are valid: true, expires at: 1780695368578
[debug] [2026-06-05T21:07:11.868Z] Checked if tokens are valid: true, expires at: 1780695368578
[debug] [2026-06-05T21:07:11.868Z] [Firebase Plugin] User found:  guzmanmurillom@gmail.com
[info] [Firebase Plugin] (Core:Project) New user detected, fetching projects
[debug] [2026-06-05T21:07:11.872Z] Checked if tokens are valid: true, expires at: 1780695368578
[debug] [2026-06-05T21:07:11.875Z] >>> [apiv2][query] GET https://firebase.googleapis.com/v1beta1/projects pageSize=1000
[debug] [2026-06-05T21:07:11.907Z] [Firebase Plugin] VSCode notification server listening on port 40001
[info] [Firebase Plugin] Starting SQL Connect toolkit (version 3.4.10) on port 50001
[debug] [2026-06-05T21:07:13.351Z] 'fdc build' failed with error: Unable to build your SQL Connect schema and connectors (exit code 1): E0605 17:07:13.275406    4836 cmd.go:43] Error loading data connect config: could not find dataconnect.yaml in `c:\Users\Display\Documents\1 GZM Asesoria Empresarial\Sitio Web\dataconnect`
 {"metadata":{"emulator":{"name":"dataconnect"},"message":"'fdc build' failed with error: Unable to build your SQL Connect schema and connectors (exit code 1): E0605 17:07:13.275406    4836 cmd.go:43] Error loading data connect config: could not find dataconnect.yaml in `c:\\Users\\Display\\Documents\\1 GZM Asesoria Empresarial\\Sitio Web\\dataconnect`\n"}}
[debug] [2026-06-05T21:07:13.352Z] Ignoring unsupported arg: auto_download {"metadata":{"emulator":{"name":"dataconnect"},"message":"Ignoring unsupported arg: auto_download"}}
[debug] [2026-06-05T21:07:13.353Z] Ignoring unsupported arg: port {"metadata":{"emulator":{"name":"dataconnect"},"message":"Ignoring unsupported arg: port"}}
[debug] [2026-06-05T21:07:13.353Z] Starting SQL Connect Emulator with command {"binary":"C:\\Users\\Display\\.cache\\firebase\\emulators\\dataconnect-emulator-3.4.10.exe","args":["--logtostderr","-v=2","dev","--listen=localhost:50001","--config_dir=c:\\Users\\Display\\Documents\\1 GZM Asesoria Empresarial\\Sitio Web\\dataconnect","--enable_output_schema_extensions=true","--enable_output_generated_sdk=true"],"optionalArgs":["listen","config_dir","enable_output_schema_extensions","enable_output_generated_sdk"],"joinArgs":true,"shell":false,"port":9399} {"metadata":{"emulator":{"name":"dataconnect"},"message":"Starting SQL Connect Emulator with command {\"binary\":\"C:\\\\Users\\\\Display\\\\.cache\\\\firebase\\\\emulators\\\\dataconnect-emulator-3.4.10.exe\",\"args\":[\"--logtostderr\",\"-v=2\",\"dev\",\"--listen=localhost:50001\",\"--config_dir=c:\\\\Users\\\\Display\\\\Documents\\\\1 GZM Asesoria Empresarial\\\\Sitio Web\\\\dataconnect\",\"--enable_output_schema_extensions=true\",\"--enable_output_generated_sdk=true\"],\"optionalArgs\":[\"listen\",\"config_dir\",\"enable_output_schema_extensions\",\"enable_output_generated_sdk\"],\"joinArgs\":true,\"shell\":false,\"port\":9399}"}}
[info] i  dataconnect: SQL Connect Emulator logging to dataconnect-debug.log {"metadata":{"emulator":{"name":"dataconnect"},"message":"SQL Connect Emulator logging to \u001b[1mdataconnect-debug.log\u001b[22m"}}
[debug] [2026-06-05T21:07:14.742Z] E0605 17:07:13.543624   15588 dev.go:83] Failed to load initial config from "c:\\Users\\Display\\Documents\\1 GZM Asesoria Empresarial\\Sitio Web\\dataconnect": could not find dataconnect.yaml in `c:\Users\Display\Documents\1 GZM Asesoria Empresarial\Sitio Web\dataconnect`
E0605 17:07:13.703428   15588 watch.go:116] watchAllDir unable to walk dir `c:\Users\Display\Documents\1 GZM Asesoria Empresarial\Sitio Web\dataconnect`: GetFileAttributesEx c:\Users\Display\Documents\1 GZM Asesoria Empresarial\Sitio Web\dataconnect: El sistema no puede encontrar el archivo especificado.
I0605 17:07:13.736801   15588 dev.go:104] Listening on address (HTTP + gRPC): 127.0.0.1:50001
 {"metadata":{"emulator":{"name":"dataconnect"},"message":"E0605 17:07:13.543624   15588 dev.go:83] Failed to load initial config from \"c:\\\\Users\\\\Display\\\\Documents\\\\1 GZM Asesoria Empresarial\\\\Sitio Web\\\\dataconnect\": could not find dataconnect.yaml in `c:\\Users\\Display\\Documents\\1 GZM Asesoria Empresarial\\Sitio Web\\dataconnect`\nE0605 17:07:13.703428   15588 watch.go:116] watchAllDir unable to walk dir `c:\\Users\\Display\\Documents\\1 GZM Asesoria Empresarial\\Sitio Web\\dataconnect`: GetFileAttributesEx c:\\Users\\Display\\Documents\\1 GZM Asesoria Empresarial\\Sitio Web\\dataconnect: El sistema no puede encontrar el archivo especificado.\nI0605 17:07:13.736801   15588 dev.go:104] Listening on address (HTTP + gRPC): 127.0.0.1:50001\n"}}
[debug] [2026-06-05T21:07:24.003Z] E0605 17:07:23.875654   15588 watch.go:40] Failed to load config from "c:\\Users\\Display\\Documents\\1 GZM Asesoria Empresarial\\Sitio Web\\dataconnect": could not find dataconnect.yaml in `c:\Users\Display\Documents\1 GZM Asesoria Empresarial\Sitio Web\dataconnect`
 {"metadata":{"emulator":{"name":"dataconnect"},"message":"E0605 17:07:23.875654   15588 watch.go:40] Failed to load config from \"c:\\\\Users\\\\Display\\\\Documents\\\\1 GZM Asesoria Empresarial\\\\Sitio Web\\\\dataconnect\": could not find dataconnect.yaml in `c:\\Users\\Display\\Documents\\1 GZM Asesoria Empresarial\\Sitio Web\\dataconnect`\n"}}
[error] [Firebase Plugin] error:  {}
[debug] [2026-06-05T21:07:38.206Z] E0605 17:07:33.729612   15588 watch.go:40] Failed to load config from "c:\\Users\\Display\\Documents\\1 GZM Asesoria Empresarial\\Sitio Web\\dataconnect": could not find dataconnect.yaml in `c:\Users\Display\Documents\1 GZM Asesoria Empresarial\Sitio Web\dataconnect`
 {"metadata":{"emulator":{"name":"dataconnect"},"message":"E0605 17:07:33.729612   15588 watch.go:40] Failed to load config from \"c:\\\\Users\\\\Display\\\\Documents\\\\1 GZM Asesoria Empresarial\\\\Sitio Web\\\\dataconnect\": could not find dataconnect.yaml in `c:\\Users\\Display\\Documents\\1 GZM Asesoria Empresarial\\Sitio Web\\dataconnect`\n"}}
[debug] [2026-06-05T21:07:38.232Z] *** [apiv2] error from fetch(https://firebase.googleapis.com/v1beta1/projects?pageSize=1000, {"headers":{},"method":"GET","signal":{"reason":""}}): FetchError: request to https://firebase.googleapis.com/v1beta1/projects?pageSize=1000 failed, reason: read ECONNRESET
[debug] [2026-06-05T21:07:38.233Z] Failed to make request to https://firebase.googleapis.com/v1beta1/projects?pageSize=1000
[debug] [2026-06-05T21:07:44.147Z] E0605 17:07:43.723107   15588 watch.go:40] Failed to load config from "c:\\Users\\Display\\Documents\\1 GZM Asesoria Empresarial\\Sitio Web\\dataconnect": could not find dataconnect.yaml in `c:\Users\Display\Documents\1 GZM Asesoria Empresarial\Sitio Web\dataconnect`
 {"metadata":{"emulator":{"name":"dataconnect"},"message":"E0605 17:07:43.723107   15588 watch.go:40] Failed to load config from \"c:\\\\Users\\\\Display\\\\Documents\\\\1 GZM Asesoria Empresarial\\\\Sitio Web\\\\dataconnect\": could not find dataconnect.yaml in `c:\\Users\\Display\\Documents\\1 GZM Asesoria Empresarial\\Sitio Web\\dataconnect`\n"}}
[debug] [2026-06-05T21:07:53.726Z] E0605 17:07:53.726077   15588 watch.go:40] Failed to load config from "c:\\Users\\Display\\Documents\\1 GZM Asesoria Empresarial\\Sitio Web\\dataconnect": could not find dataconnect.yaml in `c:\Users\Display\Documents\1 GZM Asesoria Empresarial\Sitio Web\dataconnect`
 {"metadata":{"emulator":{"name":"dataconnect"},"message":"E0605 17:07:53.726077   15588 watch.go:40] Failed to load config from \"c:\\\\Users\\\\Display\\\\Documents\\\\1 GZM Asesoria Empresarial\\\\Sitio Web\\\\dataconnect\": could not find dataconnect.yaml in `c:\\Users\\Display\\Documents\\1 GZM Asesoria Empresarial\\Sitio Web\\dataconnect`\n"}}
[debug] [2026-06-05T21:08:06.162Z] E0605 17:08:03.729077   15588 watch.go:40] Failed to load config from "c:\\Users\\Display\\Documents\\1 GZM Asesoria Empresarial\\Sitio Web\\dataconnect": could not find dataconnect.yaml in `c:\Users\Display\Documents\1 GZM Asesoria Empresarial\Sitio Web\dataconnect`
 {"metadata":{"emulator":{"name":"dataconnect"},"message":"E0605 17:08:03.729077   15588 watch.go:40] Failed to load config from \"c:\\\\Users\\\\Display\\\\Documents\\\\1 GZM Asesoria Empresarial\\\\Sitio Web\\\\dataconnect\": could not find dataconnect.yaml in `c:\\Users\\Display\\Documents\\1 GZM Asesoria Empresarial\\Sitio Web\\dataconnect`\n"}}
[debug] [2026-06-05T21:08:13.731Z] E0605 17:08:13.725314   15588 watch.go:116] watchAllDir unable to walk dir `c:\Users\Display\Documents\1 GZM Asesoria Empresarial\Sitio Web\dataconnect`: GetFileAttributesEx c:\Users\Display\Documents\1 GZM Asesoria Empresarial\Sitio Web\dataconnect: El sistema no puede encontrar el archivo especificado.
 {"metadata":{"emulator":{"name":"dataconnect"},"message":"E0605 17:08:13.725314   15588 watch.go:116] watchAllDir unable to walk dir `c:\\Users\\Display\\Documents\\1 GZM Asesoria Empresarial\\Sitio Web\\dataconnect`: GetFileAttributesEx c:\\Users\\Display\\Documents\\1 GZM Asesoria Empresarial\\Sitio Web\\dataconnect: El sistema no puede encontrar el archivo especificado.\n"}}
[debug] [2026-06-05T21:08:13.807Z] E0605 17:08:13.806359   15588 watch.go:40] Failed to load config from "c:\\Users\\Display\\Documents\\1 GZM Asesoria Empresarial\\Sitio Web\\dataconnect": could not find dataconnect.yaml in `c:\Users\Display\Documents\1 GZM Asesoria Empresarial\Sitio Web\dataconnect`
 {"metadata":{"emulator":{"name":"dataconnect"},"message":"E0605 17:08:13.806359   15588 watch.go:40] Failed to load config from \"c:\\\\Users\\\\Display\\\\Documents\\\\1 GZM Asesoria Empresarial\\\\Sitio Web\\\\dataconnect\": could not find dataconnect.yaml in `c:\\Users\\Display\\Documents\\1 GZM Asesoria Empresarial\\Sitio Web\\dataconnect`\n"}}
[debug] [2026-06-05T21:08:23.722Z] E0605 17:08:23.722673   15588 watch.go:40] Failed to load config from "c:\\Users\\Display\\Documents\\1 GZM Asesoria Empresarial\\Sitio Web\\dataconnect": could not find dataconnect.yaml in `c:\Users\Display\Documents\1 GZM Asesoria Empresarial\Sitio Web\dataconnect`
 {"metadata":{"emulator":{"name":"dataconnect"},"message":"E0605 17:08:23.722673   15588 watch.go:40] Failed to load config from \"c:\\\\Users\\\\Display\\\\Documents\\\\1 GZM Asesoria Empresarial\\\\Sitio Web\\\\dataconnect\": could not find dataconnect.yaml in `c:\\Users\\Display\\Documents\\1 GZM Asesoria Empresarial\\Sitio Web\\dataconnect`\n"}}
[debug] [2026-06-05T21:08:33.723Z] E0605 17:08:33.722217   15588 watch.go:40] Failed to load config from "c:\\Users\\Display\\Documents\\1 GZM Asesoria Empresarial\\Sitio Web\\dataconnect": could not find dataconnect.yaml in `c:\Users\Display\Documents\1 GZM Asesoria Empresarial\Sitio Web\dataconnect`
 {"metadata":{"emulator":{"name":"dataconnect"},"message":"E0605 17:08:33.722217   15588 watch.go:40] Failed to load config from \"c:\\\\Users\\\\Display\\\\Documents\\\\1 GZM Asesoria Empresarial\\\\Sitio Web\\\\dataconnect\": could not find dataconnect.yaml in `c:\\Users\\Display\\Documents\\1 GZM Asesoria Empresarial\\Sitio Web\\dataconnect`\n"}}
[debug] [2026-06-05T21:08:43.723Z] E0605 17:08:43.722959   15588 watch.go:40] Failed to load config from "c:\\Users\\Display\\Documents\\1 GZM Asesoria Empresarial\\Sitio Web\\dataconnect": could not find dataconnect.yaml in `c:\Users\Display\Documents\1 GZM Asesoria Empresarial\Sitio Web\dataconnect`
 {"metadata":{"emulator":{"name":"dataconnect"},"message":"E0605 17:08:43.722959   15588 watch.go:40] Failed to load config from \"c:\\\\Users\\\\Display\\\\Documents\\\\1 GZM Asesoria Empresarial\\\\Sitio Web\\\\dataconnect\": could not find dataconnect.yaml in `c:\\Users\\Display\\Documents\\1 GZM Asesoria Empresarial\\Sitio Web\\dataconnect`\n"}}
[debug] [2026-06-05T21:08:53.723Z] E0605 17:08:53.723271   15588 watch.go:40] Failed to load config from "c:\\Users\\Display\\Documents\\1 GZM Asesoria Empresarial\\Sitio Web\\dataconnect": could not find dataconnect.yaml in `c:\Users\Display\Documents\1 GZM Asesoria Empresarial\Sitio Web\dataconnect`
 {"metadata":{"emulator":{"name":"dataconnect"},"message":"E0605 17:08:53.723271   15588 watch.go:40] Failed to load config from \"c:\\\\Users\\\\Display\\\\Documents\\\\1 GZM Asesoria Empresarial\\\\Sitio Web\\\\dataconnect\": could not find dataconnect.yaml in `c:\\Users\\Display\\Documents\\1 GZM Asesoria Empresarial\\Sitio Web\\dataconnect`\n"}}
[debug] [2026-06-05T21:09:03.725Z] E0605 17:09:03.725002   15588 watch.go:40] Failed to load config from "c:\\Users\\Display\\Documents\\1 GZM Asesoria Empresarial\\Sitio Web\\dataconnect": could not find dataconnect.yaml in `c:\Users\Display\Documents\1 GZM Asesoria Empresarial\Sitio Web\dataconnect`
 {"metadata":{"emulator":{"name":"dataconnect"},"message":"E0605 17:09:03.725002   15588 watch.go:40] Failed to load config from \"c:\\\\Users\\\\Display\\\\Documents\\\\1 GZM Asesoria Empresarial\\\\Sitio Web\\\\dataconnect\": could not find dataconnect.yaml in `c:\\Users\\Display\\Documents\\1 GZM Asesoria Empresarial\\Sitio Web\\dataconnect`\n"}}
[debug] [2026-06-05T21:09:13.725Z] E0605 17:09:13.722740   15588 watch.go:116] watchAllDir unable to walk dir `c:\Users\Display\Documents\1 GZM Asesoria Empresarial\Sitio Web\dataconnect`: GetFileAttributesEx c:\Users\Display\Documents\1 GZM Asesoria Empresarial\Sitio Web\dataconnect: El sistema no puede encontrar el archivo especificado.
 {"metadata":{"emulator":{"name":"dataconnect"},"message":"E0605 17:09:13.722740   15588 watch.go:116] watchAllDir unable to walk dir `c:\\Users\\Display\\Documents\\1 GZM Asesoria Empresarial\\Sitio Web\\dataconnect`: GetFileAttributesEx c:\\Users\\Display\\Documents\\1 GZM Asesoria Empresarial\\Sitio Web\\dataconnect: El sistema no puede encontrar el archivo especificado.\n"}}
[debug] [2026-06-05T21:09:13.735Z] E0605 17:09:13.735347   15588 watch.go:40] Failed to load config from "c:\\Users\\Display\\Documents\\1 GZM Asesoria Empresarial\\Sitio Web\\dataconnect": could not find dataconnect.yaml in `c:\Users\Display\Documents\1 GZM Asesoria Empresarial\Sitio Web\dataconnect`
 {"metadata":{"emulator":{"name":"dataconnect"},"message":"E0605 17:09:13.735347   15588 watch.go:40] Failed to load config from \"c:\\\\Users\\\\Display\\\\Documents\\\\1 GZM Asesoria Empresarial\\\\Sitio Web\\\\dataconnect\": could not find dataconnect.yaml in `c:\\Users\\Display\\Documents\\1 GZM Asesoria Empresarial\\Sitio Web\\dataconnect`\n"}}
[debug] [2026-06-05T21:09:23.722Z] E0605 17:09:23.722263   15588 watch.go:40] Failed to load config from "c:\\Users\\Display\\Documents\\1 GZM Asesoria Empresarial\\Sitio Web\\dataconnect": could not find dataconnect.yaml in `c:\Users\Display\Documents\1 GZM Asesoria Empresarial\Sitio Web\dataconnect`
 {"metadata":{"emulator":{"name":"dataconnect"},"message":"E0605 17:09:23.722263   15588 watch.go:40] Failed to load config from \"c:\\\\Users\\\\Display\\\\Documents\\\\1 GZM Asesoria Empresarial\\\\Sitio Web\\\\dataconnect\": could not find dataconnect.yaml in `c:\\Users\\Display\\Documents\\1 GZM Asesoria Empresarial\\Sitio Web\\dataconnect`\n"}}
[debug] [2026-06-05T21:09:33.733Z] E0605 17:09:33.733207   15588 watch.go:40] Failed to load config from "c:\\Users\\Display\\Documents\\1 GZM Asesoria Empresarial\\Sitio Web\\dataconnect": could not find dataconnect.yaml in `c:\Users\Display\Documents\1 GZM Asesoria Empresarial\Sitio Web\dataconnect`
 {"metadata":{"emulator":{"name":"dataconnect"},"message":"E0605 17:09:33.733207   15588 watch.go:40] Failed to load config from \"c:\\\\Users\\\\Display\\\\Documents\\\\1 GZM Asesoria Empresarial\\\\Sitio Web\\\\dataconnect\": could not find dataconnect.yaml in `c:\\Users\\Display\\Documents\\1 GZM Asesoria Empresarial\\Sitio Web\\dataconnect`\n"}}
[debug] [2026-06-05T21:09:43.725Z] E0605 17:09:43.724883   15588 watch.go:40] Failed to load config from "c:\\Users\\Display\\Documents\\1 GZM Asesoria Empresarial\\Sitio Web\\dataconnect": could not find dataconnect.yaml in `c:\Users\Display\Documents\1 GZM Asesoria Empresarial\Sitio Web\dataconnect`
 {"metadata":{"emulator":{"name":"dataconnect"},"message":"E0605 17:09:43.724883   15588 watch.go:40] Failed to load config from \"c:\\\\Users\\\\Display\\\\Documents\\\\1 GZM Asesoria Empresarial\\\\Sitio Web\\\\dataconnect\": could not find dataconnect.yaml in `c:\\Users\\Display\\Documents\\1 GZM Asesoria Empresarial\\Sitio Web\\dataconnect`\n"}}
[debug] [2026-06-05T21:09:53.723Z] E0605 17:09:53.722798   15588 watch.go:40] Failed to load config from "c:\\Users\\Display\\Documents\\1 GZM Asesoria Empresarial\\Sitio Web\\dataconnect": could not find dataconnect.yaml in `c:\Users\Display\Documents\1 GZM Asesoria Empresarial\Sitio Web\dataconnect`
 {"metadata":{"emulator":{"name":"dataconnect"},"message":"E0605 17:09:53.722798   15588 watch.go:40] Failed to load config from \"c:\\\\Users\\\\Display\\\\Documents\\\\1 GZM Asesoria Empresarial\\\\Sitio Web\\\\dataconnect\": could not find dataconnect.yaml in `c:\\Users\\Display\\Documents\\1 GZM Asesoria Empresarial\\Sitio Web\\dataconnect`\n"}}
[debug] [2026-06-05T21:10:03.722Z] E0605 17:10:03.722503   15588 watch.go:40] Failed to load config from "c:\\Users\\Display\\Documents\\1 GZM Asesoria Empresarial\\Sitio Web\\dataconnect": could not find dataconnect.yaml in `c:\Users\Display\Documents\1 GZM Asesoria Empresarial\Sitio Web\dataconnect`
 {"metadata":{"emulator":{"name":"dataconnect"},"message":"E0605 17:10:03.722503   15588 watch.go:40] Failed to load config from \"c:\\\\Users\\\\Display\\\\Documents\\\\1 GZM Asesoria Empresarial\\\\Sitio Web\\\\dataconnect\": could not find dataconnect.yaml in `c:\\Users\\Display\\Documents\\1 GZM Asesoria Empresarial\\Sitio Web\\dataconnect`\n"}}
[debug] [2026-06-05T21:10:13.749Z] I0605 17:10:13.749435   15588 load.go:31] Reloading schema and connectors...
 {"metadata":{"emulator":{"name":"dataconnect"},"message":"I0605 17:10:13.749435   15588 load.go:31] Reloading schema and connectors...\n"}}
[debug] [2026-06-05T21:10:13.766Z] I0605 17:10:13.764437   15588 control.go:100] [projects/emulator/locations/emulator/services/gzm-sql-connect 5489] UpdateResources(): done
Main schema: sources: schema\schema.gql [0B] 
Connector "example": sources: 
 {"metadata":{"emulator":{"name":"dataconnect"},"message":"I0605 17:10:13.764437   15588 control.go:100] [projects/emulator/locations/emulator/services/gzm-sql-connect 5489] UpdateResources(): done\nMain schema: sources: schema\\schema.gql [0B] \nConnector \"example\": sources: \n"}}
[debug] [2026-06-05T21:10:13.796Z] E0605 17:10:13.796299   15588 load.go:95] Errors generating SDK: [connector "example"]: invalid Data Connect Connector no query found in connector
 {"metadata":{"emulator":{"name":"dataconnect"},"message":"E0605 17:10:13.796299   15588 load.go:95] Errors generating SDK: [connector \"example\"]: invalid Data Connect Connector no query found in connector\n"}}
[debug] [2026-06-05T21:10:13.808Z] I0605 17:10:13.807103   15588 collector.go:107] schema extensions wrote into "c:\\Users\\Display\\Documents\\1 GZM Asesoria Empresarial\\Sitio Web\\dataconnect\\.dataconnect\\schema"
Generated sources: prelude.gql [84995B] 
 {"metadata":{"emulator":{"name":"dataconnect"},"message":"I0605 17:10:13.807103   15588 collector.go:107] schema extensions wrote into \"c:\\\\Users\\\\Display\\\\Documents\\\\1 GZM Asesoria Empresarial\\\\Sitio Web\\\\dataconnect\\\\.dataconnect\\\\schema\"\nGenerated sources: prelude.gql [84995B] \n"}}
[debug] [2026-06-05T21:10:13.809Z] I0605 17:10:13.808100   15588 load.go:109] Finished reloading
 {"metadata":{"emulator":{"name":"dataconnect"},"message":"I0605 17:10:13.808100   15588 load.go:109] Finished reloading\n"}}
[debug] [2026-06-05T21:11:51.906Z] [Firebase Plugin] Value of process.env.MONOSPACE_ENV: undefined
[debug] [2026-06-05T21:11:51.907Z] [Firebase Plugin] requireAuthWrapper
[debug] [2026-06-05T21:11:51.910Z] > command requires scopes: ["email","openid","https://www.googleapis.com/auth/cloudplatformprojects.readonly","https://www.googleapis.com/auth/firebase","https://www.googleapis.com/auth/cloud-platform"]
[debug] [2026-06-05T21:11:51.911Z] > authorizing via signed-in user (guzmanmurillom@gmail.com)
[debug] [2026-06-05T21:11:51.912Z] Checked if tokens are valid: true, expires at: 1780695368578
[debug] [2026-06-05T21:11:51.912Z] [Firebase Plugin] User found:  guzmanmurillom@gmail.com
[info] [Firebase Plugin] (Core:Project) New user detected, fetching projects
[debug] [2026-06-05T21:11:51.914Z] Checked if tokens are valid: true, expires at: 1780695368578
[debug] [2026-06-05T21:11:51.916Z] >>> [apiv2][query] GET https://firebase.googleapis.com/v1beta1/projects pageSize=1000
[debug] [2026-06-05T21:11:51.944Z] [Firebase Plugin] Value of process.env.MONOSPACE_ENV: undefined
[debug] [2026-06-05T21:11:51.946Z] [Firebase Plugin] requireAuthWrapper
[debug] [2026-06-05T21:11:51.949Z] > command requires scopes: ["email","openid","https://www.googleapis.com/auth/cloudplatformprojects.readonly","https://www.googleapis.com/auth/firebase","https://www.googleapis.com/auth/cloud-platform"]
[debug] [2026-06-05T21:11:51.950Z] > authorizing via signed-in user (guzmanmurillom@gmail.com)
[debug] [2026-06-05T21:11:51.951Z] Checked if tokens are valid: true, expires at: 1780695368578
[debug] [2026-06-05T21:11:51.952Z] [Firebase Plugin] User found:  guzmanmurillom@gmail.com
[info] [Firebase Plugin] (Core:Project) New user detected, fetching projects
[debug] [2026-06-05T21:11:51.955Z] Checked if tokens are valid: true, expires at: 1780695368578
[debug] [2026-06-05T21:11:51.956Z] >>> [apiv2][query] GET https://firebase.googleapis.com/v1beta1/projects pageSize=1000
[debug] [2026-06-05T21:11:52.712Z] <<< [apiv2][status] GET https://firebase.googleapis.com/v1beta1/projects 200
[debug] [2026-06-05T21:11:52.712Z] <<< [apiv2][body] GET https://firebase.googleapis.com/v1beta1/projects [omitted]
[debug] [2026-06-05T21:11:52.742Z] <<< [apiv2][status] GET https://firebase.googleapis.com/v1beta1/projects 200
[debug] [2026-06-05T21:11:52.742Z] <<< [apiv2][body] GET https://firebase.googleapis.com/v1beta1/projects [omitted]
[debug] [2026-06-09T19:16:55.314Z] [Firebase Plugin] Activating Firebase extension.
[info] [Firebase Plugin] Checked firebase-tools, is up to date!
[debug] [2026-06-09T19:17:17.634Z] [Firebase Plugin] requireAuthWrapper
[debug] [2026-06-09T19:17:17.640Z] > command requires scopes: ["email","openid","https://www.googleapis.com/auth/cloudplatformprojects.readonly","https://www.googleapis.com/auth/firebase","https://www.googleapis.com/auth/cloud-platform"]
[debug] [2026-06-09T19:17:17.641Z] > authorizing via signed-in user (guzmanmurillom@gmail.com)
[debug] [2026-06-09T19:17:17.647Z] Checked if tokens are valid: false, expires at: 1780808181164
[debug] [2026-06-09T19:17:17.647Z] Checked if tokens are valid: false, expires at: 1780808181164
[debug] [2026-06-09T19:17:17.648Z] > refreshing access token with scopes: []
[debug] [2026-06-09T19:17:17.651Z] >>> [apiv2][query] POST https://www.googleapis.com/oauth2/v3/token [none]
[debug] [2026-06-09T19:17:17.652Z] >>> [apiv2][body] POST https://www.googleapis.com/oauth2/v3/token [omitted]
[debug] [2026-06-09T19:17:17.687Z] [Firebase Plugin] VSCode notification server listening on port 40001
[info] [Firebase Plugin] Starting SQL Connect toolkit (version 3.4.10) on port 50001
[debug] [2026-06-09T19:17:20.294Z] I0609 15:17:20.208915   15664 control.go:100] [projects/emulator/locations/emulator/services/gzm-sql-connect 32a6] UpdateResources(): done
Main schema: sources: schema\schema.gql [0B] 
Connector "example": sources: 
 {"metadata":{"emulator":{"name":"dataconnect"},"message":"I0609 15:17:20.208915   15664 control.go:100] [projects/emulator/locations/emulator/services/gzm-sql-connect 32a6] UpdateResources(): done\nMain schema: sources: schema\\schema.gql [0B] \nConnector \"example\": sources: \n"}}
[debug] [2026-06-09T19:17:20.296Z] Ignoring unsupported arg: auto_download {"metadata":{"emulator":{"name":"dataconnect"},"message":"Ignoring unsupported arg: auto_download"}}
[debug] [2026-06-09T19:17:20.296Z] Ignoring unsupported arg: port {"metadata":{"emulator":{"name":"dataconnect"},"message":"Ignoring unsupported arg: port"}}
[debug] [2026-06-09T19:17:20.297Z] Starting SQL Connect Emulator with command {"binary":"C:\\Users\\Display\\.cache\\firebase\\emulators\\dataconnect-emulator-3.4.10.exe","args":["--logtostderr","-v=2","dev","--listen=localhost:50001","--config_dir=c:\\Users\\Display\\Documents\\1 GZM Asesoria Empresarial\\Sitio Web\\dataconnect","--enable_output_schema_extensions=true","--enable_output_generated_sdk=true"],"optionalArgs":["listen","config_dir","enable_output_schema_extensions","enable_output_generated_sdk"],"joinArgs":true,"shell":false,"port":9399} {"metadata":{"emulator":{"name":"dataconnect"},"message":"Starting SQL Connect Emulator with command {\"binary\":\"C:\\\\Users\\\\Display\\\\.cache\\\\firebase\\\\emulators\\\\dataconnect-emulator-3.4.10.exe\",\"args\":[\"--logtostderr\",\"-v=2\",\"dev\",\"--listen=localhost:50001\",\"--config_dir=c:\\\\Users\\\\Display\\\\Documents\\\\1 GZM Asesoria Empresarial\\\\Sitio Web\\\\dataconnect\",\"--enable_output_schema_extensions=true\",\"--enable_output_generated_sdk=true\"],\"optionalArgs\":[\"listen\",\"config_dir\",\"enable_output_schema_extensions\",\"enable_output_generated_sdk\"],\"joinArgs\":true,\"shell\":false,\"port\":9399}"}}
[info] i  dataconnect: SQL Connect Emulator logging to dataconnect-debug.log {"metadata":{"emulator":{"name":"dataconnect"},"message":"SQL Connect Emulator logging to \u001b[1mdataconnect-debug.log\u001b[22m"}}
[debug] [2026-06-09T19:17:20.721Z] I0609 15:17:20.480946   20572 load.go:31] Reloading schema and connectors...
I0609 15:17:20.586372   20572 control.go:100] [projects/emulator/locations/emulator/services/gzm-sql-connect b997] UpdateResources(): done
Main schema: sources: schema\schema.gql [0B] 
Connector "example": sources: 
E0609 15:17:20.608961   20572 load.go:95] Errors generating SDK: [connector "example"]: invalid Data Connect Connector no query found in connector
I0609 15:17:20.619766   20572 collector.go:107] schema extensions wrote into "c:\\Users\\Display\\Documents\\1 GZM Asesoria Empresarial\\Sitio Web\\dataconnect\\.dataconnect\\schema"
Generated sources: prelude.gql [84995B] 
I0609 15:17:20.624812   20572 load.go:109] Finished reloading
I0609 15:17:20.649674   20572 dev.go:104] Listening on address (HTTP + gRPC): 127.0.0.1:50001
 {"metadata":{"emulator":{"name":"dataconnect"},"message":"I0609 15:17:20.480946   20572 load.go:31] Reloading schema and connectors...\nI0609 15:17:20.586372   20572 control.go:100] [projects/emulator/locations/emulator/services/gzm-sql-connect b997] UpdateResources(): done\nMain schema: sources: schema\\schema.gql [0B] \nConnector \"example\": sources: \nE0609 15:17:20.608961   20572 load.go:95] Errors generating SDK: [connector \"example\"]: invalid Data Connect Connector no query found in connector\nI0609 15:17:20.619766   20572 collector.go:107] schema extensions wrote into \"c:\\\\Users\\\\Display\\\\Documents\\\\1 GZM Asesoria Empresarial\\\\Sitio Web\\\\dataconnect\\\\.dataconnect\\\\schema\"\nGenerated sources: prelude.gql [84995B] \nI0609 15:17:20.624812   20572 load.go:109] Finished reloading\nI0609 15:17:20.649674   20572 dev.go:104] Listening on address (HTTP + gRPC): 127.0.0.1:50001\n"}}
[debug] [2026-06-09T19:17:21.263Z] <<< [apiv2][status] POST https://www.googleapis.com/oauth2/v3/token 200
[debug] [2026-06-09T19:17:21.264Z] <<< [apiv2][body] POST https://www.googleapis.com/oauth2/v3/token [omitted]
[debug] [2026-06-09T19:17:21.287Z] [Firebase Plugin] User found:  guzmanmurillom@gmail.com
[info] [Firebase Plugin] (Core:Project) New user detected, fetching projects
[debug] [2026-06-09T19:17:21.290Z] Checked if tokens are valid: true, expires at: 1781036240265
[debug] [2026-06-09T19:17:21.291Z] >>> [apiv2][query] GET https://firebase.googleapis.com/v1beta1/projects pageSize=1000
[debug] [2026-06-09T19:17:22.535Z] I0609 15:17:22.170456   20572 engine.go:209] [projects/emulator/locations/emulator/services/gzm-sql-connect b997] ExecuteGraphqlRead query IntrospectionQuery: succeeded. 
 {"metadata":{"emulator":{"name":"dataconnect"},"message":"I0609 15:17:22.170456   20572 engine.go:209] [projects/emulator/locations/emulator/services/gzm-sql-connect b997] ExecuteGraphqlRead query IntrospectionQuery: succeeded. \n"}}
[debug] [2026-06-09T19:17:22.910Z] <<< [apiv2][status] GET https://firebase.googleapis.com/v1beta1/projects 200
[debug] [2026-06-09T19:17:22.910Z] <<< [apiv2][body] GET https://firebase.googleapis.com/v1beta1/projects [omitted]
[info] [Firebase Plugin] Stopping SQL Connect toolkit
[warn] !  SQL Connect Emulator has exited upon receiving signal: SIGINT 
[debug] [2026-08-08T22:07:31.290Z] [Firebase Plugin] Activating Firebase extension.
[debug] [2026-08-08T22:07:51.827Z] [Firebase Plugin] requireAuthWrapper
[debug] [2026-08-08T22:07:51.833Z] > command requires scopes: ["email","openid","https://www.googleapis.com/auth/cloudplatformprojects.readonly","https://www.googleapis.com/auth/firebase","https://www.googleapis.com/auth/cloud-platform"]
[debug] [2026-08-08T22:07:51.834Z] > authorizing via signed-in user (guzmanmurillom@gmail.com)
[debug] [2026-08-08T22:07:51.843Z] Checked if tokens are valid: false, expires at: 1786174789282
[debug] [2026-08-08T22:07:51.843Z] Checked if tokens are valid: false, expires at: 1786174789282
[debug] [2026-08-08T22:07:51.844Z] > refreshing access token with scopes: []
[debug] [2026-08-08T22:07:51.850Z] >>> [apiv2][query] POST https://www.googleapis.com/oauth2/v3/token [none]
[debug] [2026-08-08T22:07:51.851Z] >>> [apiv2][body] POST https://www.googleapis.com/oauth2/v3/token [omitted]
[debug] [2026-08-08T22:07:51.913Z] [Firebase Plugin] VSCode notification server listening on port 40001
[info] [Firebase Plugin] Starting SQL Connect toolkit (version 3.4.16) on port 50001
[info] i  dataconnect: downloading dataconnect-emulator-3.4.16.exe... {"metadata":{"emulator":{"name":"dataconnect"},"message":"downloading dataconnect-emulator-3.4.16.exe..."}}
[debug] [2026-08-08T22:07:55.772Z] >>> [apiv2][query] GET https://storage.googleapis.com/firemat-preview-drop/emulator/dataconnect-emulator-windows-amd64-v3.4.16 
[debug] [2026-08-08T22:07:58.087Z] <<< [apiv2][status] POST https://www.googleapis.com/oauth2/v3/token 200
[debug] [2026-08-08T22:07:58.088Z] <<< [apiv2][body] POST https://www.googleapis.com/oauth2/v3/token [omitted]
[debug] [2026-08-08T22:07:58.130Z] [Firebase Plugin] User found:  guzmanmurillom@gmail.com
[info] [Firebase Plugin] (Core:Project) New user detected, fetching projects
[debug] [2026-08-08T22:07:58.137Z] Checked if tokens are valid: true, expires at: 1786230477089
[debug] [2026-08-08T22:07:58.140Z] >>> [apiv2][query] GET https://firebase.googleapis.com/v1beta1/projects pageSize=1000
[debug] [2026-08-08T22:07:59.130Z] <<< [apiv2][status] GET https://storage.googleapis.com/firemat-preview-drop/emulator/dataconnect-emulator-windows-amd64-v3.4.16 200
[debug] [2026-08-08T22:07:59.131Z] <<< [apiv2][body] GET https://storage.googleapis.com/firemat-preview-drop/emulator/dataconnect-emulator-windows-amd64-v3.4.16 [stream]
[debug] [2026-08-08T22:08:04.029Z] <<< [apiv2][status] GET https://firebase.googleapis.com/v1beta1/projects 200
[debug] [2026-08-08T22:08:04.029Z] <<< [apiv2][body] GET https://firebase.googleapis.com/v1beta1/projects [omitted]
[info] i  dataconnect: Removing outdated emulator files: dataconnect-emulator-3.4.10.exe {"metadata":{"emulator":{"name":"dataconnect"},"message":"Removing outdated emulator files: dataconnect-emulator-3.4.10.exe"}}
[debug] [2026-08-08T22:11:21.910Z] I0808 18:11:21.803704    2720 control.go:100] [projects/emulator/locations/emulator/services/gzm-sql-connect afec] UpdateResources(): done
Main schema: sources: schema\schema.gql [0B] 
Connector "example": sources: 
 {"metadata":{"emulator":{"name":"dataconnect"},"message":"I0808 18:11:21.803704    2720 control.go:100] [projects/emulator/locations/emulator/services/gzm-sql-connect afec] UpdateResources(): done\nMain schema: sources: schema\\schema.gql [0B] \nConnector \"example\": sources: \n"}}
[debug] [2026-08-08T22:11:21.912Z] Ignoring unsupported arg: auto_download {"metadata":{"emulator":{"name":"dataconnect"},"message":"Ignoring unsupported arg: auto_download"}}
[debug] [2026-08-08T22:11:21.912Z] Ignoring unsupported arg: port {"metadata":{"emulator":{"name":"dataconnect"},"message":"Ignoring unsupported arg: port"}}
[debug] [2026-08-08T22:11:21.913Z] Starting SQL Connect Emulator with command {"binary":"C:\\Users\\Display\\.cache\\firebase\\emulators\\dataconnect-emulator-3.4.16.exe","args":["--logtostderr","-v=2","dev","--listen=localhost:50001","--config_dir=c:\\Users\\Display\\Documents\\1 GZM Asesoria Empresarial\\Sitio Web\\dataconnect","--enable_output_schema_extensions=true","--enable_output_generated_sdk=true"],"optionalArgs":["listen","config_dir","enable_output_schema_extensions","enable_output_generated_sdk"],"joinArgs":true,"shell":false,"port":9399} {"metadata":{"emulator":{"name":"dataconnect"},"message":"Starting SQL Connect Emulator with command {\"binary\":\"C:\\\\Users\\\\Display\\\\.cache\\\\firebase\\\\emulators\\\\dataconnect-emulator-3.4.16.exe\",\"args\":[\"--logtostderr\",\"-v=2\",\"dev\",\"--listen=localhost:50001\",\"--config_dir=c:\\\\Users\\\\Display\\\\Documents\\\\1 GZM Asesoria Empresarial\\\\Sitio Web\\\\dataconnect\",\"--enable_output_schema_extensions=true\",\"--enable_output_generated_sdk=true\"],\"optionalArgs\":[\"listen\",\"config_dir\",\"enable_output_schema_extensions\",\"enable_output_generated_sdk\"],\"joinArgs\":true,\"shell\":false,\"port\":9399}"}}
[info] i  dataconnect: SQL Connect Emulator logging to dataconnect-debug.log {"metadata":{"emulator":{"name":"dataconnect"},"message":"SQL Connect Emulator logging to \u001b[1mdataconnect-debug.log\u001b[22m"}}
[debug] [2026-08-08T22:11:22.242Z] I0808 18:11:22.144763    1556 load.go:31] Reloading schema and connectors...
 {"metadata":{"emulator":{"name":"dataconnect"},"message":"I0808 18:11:22.144763    1556 load.go:31] Reloading schema and connectors...\n"}}
[debug] [2026-08-08T22:11:22.251Z] I0808 18:11:22.251461    1556 control.go:100] [projects/emulator/locations/emulator/services/gzm-sql-connect cff9] UpdateResources(): done
Main schema: sources: schema\schema.gql [0B] 
Connector "example": sources: 
 {"metadata":{"emulator":{"name":"dataconnect"},"message":"I0808 18:11:22.251461    1556 control.go:100] [projects/emulator/locations/emulator/services/gzm-sql-connect cff9] UpdateResources(): done\nMain schema: sources: schema\\schema.gql [0B] \nConnector \"example\": sources: \n"}}
[debug] [2026-08-08T22:11:22.265Z] E0808 18:11:22.264638    1556 load.go:95] Errors generating SDK: [connector "example"]: invalid Data Connect Connector no query found in connector
 {"metadata":{"emulator":{"name":"dataconnect"},"message":"E0808 18:11:22.264638    1556 load.go:95] Errors generating SDK: [connector \"example\"]: invalid Data Connect Connector no query found in connector\n"}}
[debug] [2026-08-08T22:11:22.272Z] I0808 18:11:22.269116    1556 collector.go:107] schema extensions wrote into "c:\\Users\\Display\\Documents\\1 GZM Asesoria Empresarial\\Sitio Web\\dataconnect\\.dataconnect\\schema"
Generated sources: prelude.gql [84995B] 
 {"metadata":{"emulator":{"name":"dataconnect"},"message":"I0808 18:11:22.269116    1556 collector.go:107] schema extensions wrote into \"c:\\\\Users\\\\Display\\\\Documents\\\\1 GZM Asesoria Empresarial\\\\Sitio Web\\\\dataconnect\\\\.dataconnect\\\\schema\"\nGenerated sources: prelude.gql [84995B] \n"}}
[debug] [2026-08-08T22:11:22.272Z] I0808 18:11:22.269116    1556 load.go:109] Finished reloading
 {"metadata":{"emulator":{"name":"dataconnect"},"message":"I0808 18:11:22.269116    1556 load.go:109] Finished reloading\n"}}
[debug] [2026-08-08T22:11:22.298Z] I0808 18:11:22.298227    1556 dev.go:101] Listening on address (HTTP + gRPC): 127.0.0.1:50001
 {"metadata":{"emulator":{"name":"dataconnect"},"message":"I0808 18:11:22.298227    1556 dev.go:101] Listening on address (HTTP + gRPC): 127.0.0.1:50001\n"}}
[debug] [2026-08-08T22:11:22.555Z] I0808 18:11:22.555322    1556 engine.go:209] [projects/emulator/locations/emulator/services/gzm-sql-connect cff9] ExecuteGraphqlRead query IntrospectionQuery: succeeded. 
 {"metadata":{"emulator":{"name":"dataconnect"},"message":"I0808 18:11:22.555322    1556 engine.go:209] [projects/emulator/locations/emulator/services/gzm-sql-connect cff9] ExecuteGraphqlRead query IntrospectionQuery: succeeded. \n"}}
